// Jest Snapshot v1, https://goo.gl/fbAQLP

exports[`ConfirmationModals renders ConfirmationModals 1`] = `
<Fragment>
  <ConfirmModal
    action={[Function]}
    actionState="stopped"
    actionText="cancel"
    closeModal={[MockFunction]}
    id="ConfirmModal"
    selectedRowsLen={7}
  />
</Fragment>
`;
